CUDA stage supervisor upload hash verified
{
  "status": "verified",
  "sourceCommit": "9932ec879798345e69cea79f65615a68d7115b33",
  "archiveSha256": "11b6f0a5a091ccc7abbd0afab3ddcbce285d4454d45137c3bfea14568145593c",
  "verifiedFiles": 453,
  "sourceManifestSha256": "f27f6b41d56f8d7b19dc62d5c67aeee92062e340f124b3638ff86c0c90dd6aa6",
  "originalReceiptSha256": "db7a37cc85b84b762fa636ca1f354f8985e124f5df1dc51f88f543da77925f1c",
  "correction": "Original source-staging-r1 archiveSha256 field accidentally stored the last Git blob id after reusing a Python loop variable. Original archive and all per-file checks had passed. This new immutable receipt rechecks the full archive and every staged file; original receipt retained."
}
Started 00-nvcc-version pid=12791
Finished 00-nvcc-version exit=0
Started 00-nvcc-targets pid=12792
Finished 00-nvcc-targets exit=0
Started 00-wrapper-flag-routing pid=12795
Finished 00-wrapper-flag-routing exit=0
Started 01-cuda-build pid=12798
Finished 01-cuda-build exit=0
Started 02-generated-device-targets pid=14723
Finished 02-generated-device-targets exit=0
Started cuda-r4-boundary-membership-arborx-cuda pid=14724
Finished cuda-r4-boundary-membership-arborx-cuda exit=0
Started cuda-r4-isolated-3-arborx-cuda pid=14752
Finished cuda-r4-isolated-3-arborx-cuda exit=0
Started cuda-r4-tail-129-arborx-cuda pid=14780
Finished cuda-r4-tail-129-arborx-cuda exit=0
Started cuda-r4-small-6-arborx-cuda pid=14806
Finished cuda-r4-small-6-arborx-cuda exit=0
Started cuda-r4-discovery-8-arborx-cuda pid=14832
Finished cuda-r4-discovery-8-arborx-cuda exit=0
Started cuda-r4-original-10-arborx-cuda pid=14860
Finished cuda-r4-original-10-arborx-cuda exit=0
Started cuda-r4-perturbed-10-arborx-cuda pid=14888
Finished cuda-r4-perturbed-10-arborx-cuda exit=0
Started cuda-r4-large-20-arborx-cuda pid=14912
Finished cuda-r4-large-20-arborx-cuda exit=0
Started cuda-r4-boundary-membership-tiled128 pid=14940
Finished cuda-r4-boundary-membership-tiled128 exit=0
Started cuda-r4-isolated-3-tiled128 pid=14968
Finished cuda-r4-isolated-3-tiled128 exit=0
Started cuda-r4-tail-129-tiled128 pid=14996
Finished cuda-r4-tail-129-tiled128 exit=0
Started cuda-r4-small-6-tiled128 pid=15020
Finished cuda-r4-small-6-tiled128 exit=0
Started cuda-r4-discovery-8-tiled128 pid=15048
Finished cuda-r4-discovery-8-tiled128 exit=0
Started cuda-r4-original-10-tiled128 pid=15076
Finished cuda-r4-original-10-tiled128 exit=0
Started cuda-r4-perturbed-10-tiled128 pid=15100
Finished cuda-r4-perturbed-10-tiled128 exit=0
Started cuda-r4-large-20-tiled128 pid=15128
Finished cuda-r4-large-20-tiled128 exit=0
Started cuda-r4-boundary-membership-tiled256 pid=15156
Finished cuda-r4-boundary-membership-tiled256 exit=0
Started cuda-r4-isolated-3-tiled256 pid=15184
Finished cuda-r4-isolated-3-tiled256 exit=0
Started cuda-r4-tail-129-tiled256 pid=15212
Finished cuda-r4-tail-129-tiled256 exit=0
Started cuda-r4-small-6-tiled256 pid=15238
Finished cuda-r4-small-6-tiled256 exit=0
Started cuda-r4-discovery-8-tiled256 pid=15264
Finished cuda-r4-discovery-8-tiled256 exit=0
Started cuda-r4-original-10-tiled256 pid=15292
Finished cuda-r4-original-10-tiled256 exit=0
Started cuda-r4-perturbed-10-tiled256 pid=15320
Finished cuda-r4-perturbed-10-tiled256 exit=0
Started cuda-r4-large-20-tiled256 pid=15344
Finished cuda-r4-large-20-tiled256 exit=0
Started overflow-r4-128 pid=15372
Finished overflow-r4-128 exit=0
Started overflow-r4-256 pid=15383
Finished overflow-r4-256 exit=0
{
  "stage": "cuda",
  "status": "passed",
  "elapsedSeconds": 303.83368546143174,
  "ownedSurvivors": []
}
